2026.07.25 20:42:15 INFO  Started: Metals version 1.6.8 in folders 'C:\Users\Raghav\OneDrive\Desktop\TUF-sols\LLD' for client Visual Studio Code 1.130.0.
2026.07.25 20:42:15 INFO  Memory monitor started
2026.07.25 20:42:16 WARN  Using H2 2.4.240 which is newer than the version Flyway has been verified with. The latest verified version of H2 is 2.3.232.
2026.07.25 20:42:16 INFO  no build target found for C:\Users\Raghav\OneDrive\Desktop\TUF-sols\LLD\Main1.java. Using fallback presentation compiler.
2026.07.25 20:42:17 INFO  no build target found for C:\Users\Raghav\OneDrive\Desktop\TUF-sols\LLD\Main1.java. Using fallback presentation compiler.
2026.07.25 20:42:18 WARN  no build tool detected in workspace 'C:\Users\Raghav\OneDrive\Desktop\TUF-sols\LLD'. The most common cause for this problem is that the editor was opened in the wrong working directory, for example if you use sbt then the workspace directory should contain build.sbt. 
2026.07.25 20:42:18 WARN  Build server is not auto-connectable.
2026.07.25 20:42:18 WARN  no build target for: C:\Users\Raghav\OneDrive\Desktop\TUF-sols\LLD\Main1.java
2026.07.25 20:42:19 WARN  Running javac-semanticdb failed for file:///C:/Users/Raghav/OneDrive/Desktop/TUF-sols/LLD/Main1.java. Output:

2026.07.25 20:42:20 INFO  no build target found for C:\Users\Raghav\OneDrive\Desktop\TUF-sols\LLD\Main1.java. Using fallback presentation compiler.
2026.07.25 20:42:19 INFO  no build target found for C:\Users\Raghav\OneDrive\Desktop\TUF-sols\LLD\Main1.java. Using fallback presentation compiler.
2026.07.25 20:42:20 INFO  no build target found for C:\Users\Raghav\OneDrive\Desktop\TUF-sols\LLD\Main1.java. Using fallback presentation compiler.
2026.07.25 20:42:20 INFO  no build target found for C:\Users\Raghav\OneDrive\Desktop\TUF-sols\LLD\Main1.java. Using fallback presentation compiler.
2026.07.25 20:42:20 INFO  no build target found for C:\Users\Raghav\OneDrive\Desktop\TUF-sols\LLD\Main1.java. Using fallback presentation compiler.
2026.07.25 20:42:20 INFO  no build target found for C:\Users\Raghav\OneDrive\Desktop\TUF-sols\LLD\Main1.java. Using fallback presentation compiler.
Jul 25, 2026 8:42:20 PM org.eclipse.lsp4j.jsonrpc.RemoteEndpoint handleCancellation
WARNING: Unmatched cancel notification for request id 3
Jul 25, 2026 8:42:20 PM org.eclipse.lsp4j.jsonrpc.RemoteEndpoint handleCancellation
WARNING: Unmatched cancel notification for request id 1
Jul 25, 2026 8:42:20 PM org.eclipse.lsp4j.jsonrpc.RemoteEndpoint handleCancellation
WARNING: Unmatched cancel notification for request id 2
2026.07.25 20:42:20 WARN  no build target for: C:\Users\Raghav\OneDrive\Desktop\TUF-sols\LLD\Main1.java
2026.07.25 20:42:20 WARN  Running javac-semanticdb failed for file:///C:/Users/Raghav/OneDrive/Desktop/TUF-sols/LLD/Main1.java. Output:

2026.07.25 20:42:21 WARN  no build target for: C:\Users\Raghav\OneDrive\Desktop\TUF-sols\LLD\Main1.java
2026.07.25 20:42:21 INFO  no build target found for C:\Users\Raghav\OneDrive\Desktop\TUF-sols\LLD\Main1.java. Using fallback presentation compiler.
2026.07.25 20:42:25 INFO  no build target found for C:\Users\Raghav\OneDrive\Desktop\TUF-sols\LLD\Main1.java. Using fallback presentation compiler.
2026.07.25 20:42:25 INFO  no build target found for C:\Users\Raghav\OneDrive\Desktop\TUF-sols\LLD\Main1.java. Using fallback presentation compiler.
2026.07.25 20:42:25 INFO  no build target found for C:\Users\Raghav\OneDrive\Desktop\TUF-sols\LLD\Main1.java. Using fallback presentation compiler.
2026.07.25 20:42:25 INFO  no build target found for C:\Users\Raghav\OneDrive\Desktop\TUF-sols\LLD\Main1.java. Using fallback presentation compiler.
2026.07.25 20:42:25 INFO  no build target found for C:\Users\Raghav\OneDrive\Desktop\TUF-sols\LLD\Main1.java. Using fallback presentation compiler.
2026.07.25 20:42:25 INFO  no build target found for C:\Users\Raghav\OneDrive\Desktop\TUF-sols\LLD\Main1.java. Using fallback presentation compiler.
2026.07.25 20:42:25 INFO  no build target found for C:\Users\Raghav\OneDrive\Desktop\TUF-sols\LLD\Main1.java. Using fallback presentation compiler.
2026.07.25 20:42:25 INFO  no build target found for C:\Users\Raghav\OneDrive\Desktop\TUF-sols\LLD\Main1.java. Using fallback presentation compiler.
2026.07.25 20:42:25 INFO  no build target found for C:\Users\Raghav\OneDrive\Desktop\TUF-sols\LLD\Main1.java. Using fallback presentation compiler.
2026.07.25 20:42:25 INFO  no build target found for C:\Users\Raghav\OneDrive\Desktop\TUF-sols\LLD\Main1.java. Using fallback presentation compiler.
2026.07.25 20:42:25 INFO  no build target found for C:\Users\Raghav\OneDrive\Desktop\TUF-sols\LLD\Main1.java. Using fallback presentation compiler.
2026.07.25 20:42:25 INFO  no build target found for C:\Users\Raghav\OneDrive\Desktop\TUF-sols\LLD\Main1.java. Using fallback presentation compiler.
2026.07.25 20:42:26 INFO  no build target found for C:\Users\Raghav\OneDrive\Desktop\TUF-sols\LLD\Main1.java. Using fallback presentation compiler.
2026.07.25 20:42:26 WARN  Running javac-semanticdb failed for file:///C:/Users/Raghav/OneDrive/Desktop/TUF-sols/LLD/Main1.java. Output:

2026.07.25 20:42:27 WARN  no build target for: C:\Users\Raghav\OneDrive\Desktop\TUF-sols\LLD\Main1.java
2026.07.25 20:42:27 INFO  no build target found for C:\Users\Raghav\OneDrive\Desktop\TUF-sols\LLD\Main1.java. Using fallback presentation compiler.
2026.07.25 20:42:28 INFO  no build target found for C:\Users\Raghav\OneDrive\Desktop\TUF-sols\LLD\Main1.java. Using fallback presentation compiler.
2026.07.25 20:42:28 INFO  no build target found for C:\Users\Raghav\OneDrive\Desktop\TUF-sols\LLD\Main1.java. Using fallback presentation compiler.
2026.07.25 20:42:28 INFO  no build target found for C:\Users\Raghav\OneDrive\Desktop\TUF-sols\LLD\Main1.java. Using fallback presentation compiler.
2026.07.25 20:42:27 WARN  Running javac-semanticdb failed for file:///C:/Users/Raghav/OneDrive/Desktop/TUF-sols/LLD/Main1.java. Output:

2026.07.25 20:42:28 INFO  no build target found for C:\Users\Raghav\OneDrive\Desktop\TUF-sols\LLD\Main1.java. Using fallback presentation compiler.
2026.07.25 20:42:28 INFO  no build target found for C:\Users\Raghav\OneDrive\Desktop\TUF-sols\LLD\Main1.java. Using fallback presentation compiler.
2026.07.25 20:42:28 INFO  no build target found for C:\Users\Raghav\OneDrive\Desktop\TUF-sols\LLD\Main1.java. Using fallback presentation compiler.
2026.07.25 20:42:28 INFO  no build target found for C:\Users\Raghav\OneDrive\Desktop\TUF-sols\LLD\Main1.java. Using fallback presentation compiler.
2026.07.25 20:42:28 INFO  no build target found for C:\Users\Raghav\OneDrive\Desktop\TUF-sols\LLD\Main1.java. Using fallback presentation compiler.
2026.07.25 20:42:28 INFO  no build target found for C:\Users\Raghav\OneDrive\Desktop\TUF-sols\LLD\Main1.java. Using fallback presentation compiler.
2026.07.25 20:42:28 INFO  no build target found for C:\Users\Raghav\OneDrive\Desktop\TUF-sols\LLD\Main1.java. Using fallback presentation compiler.
2026.07.25 20:42:28 INFO  no build target found for C:\Users\Raghav\OneDrive\Desktop\TUF-sols\LLD\Main1.java. Using fallback presentation compiler.
2026.07.25 20:42:29 INFO  no build target found for C:\Users\Raghav\OneDrive\Desktop\TUF-sols\LLD\Main1.java. Using fallback presentation compiler.
2026.07.25 20:42:29 WARN  Running javac-semanticdb failed for file:///C:/Users/Raghav/OneDrive/Desktop/TUF-sols/LLD/Main1.java. Output:

2026.07.25 20:42:29 INFO  no build target found for C:\Users\Raghav\OneDrive\Desktop\TUF-sols\LLD\Main1.java. Using fallback presentation compiler.
2026.07.25 20:42:29 INFO  no build target found for C:\Users\Raghav\OneDrive\Desktop\TUF-sols\LLD\Main1.java. Using fallback presentation compiler.
2026.07.25 20:42:29 INFO  no build target found for C:\Users\Raghav\OneDrive\Desktop\TUF-sols\LLD\Main1.java. Using fallback presentation compiler.
2026.07.25 20:42:29 INFO  no build target found for C:\Users\Raghav\OneDrive\Desktop\TUF-sols\LLD\Main1.java. Using fallback presentation compiler.
2026.07.25 20:42:29 INFO  no build target found for C:\Users\Raghav\OneDrive\Desktop\TUF-sols\LLD\Main1.java. Using fallback presentation compiler.
2026.07.25 20:42:29 INFO  no build target found for C:\Users\Raghav\OneDrive\Desktop\TUF-sols\LLD\Main1.java. Using fallback presentation compiler.
2026.07.25 20:42:29 INFO  no build target found for C:\Users\Raghav\OneDrive\Desktop\TUF-sols\LLD\Main1.java. Using fallback presentation compiler.
2026.07.25 20:42:29 INFO  no build target found for C:\Users\Raghav\OneDrive\Desktop\TUF-sols\LLD\Main1.java. Using fallback presentation compiler.
2026.07.25 20:42:30 WARN  Running javac-semanticdb failed for file:///C:/Users/Raghav/OneDrive/Desktop/TUF-sols/LLD/Main1.java. Output:

2026.07.25 20:42:30 INFO  no build target found for C:\Users\Raghav\OneDrive\Desktop\TUF-sols\LLD\Main1.java. Using fallback presentation compiler.
2026.07.25 20:42:30 WARN  no build target for: C:\Users\Raghav\OneDrive\Desktop\TUF-sols\LLD\Main1.java
2026.07.25 20:42:30 INFO  no build target found for C:\Users\Raghav\OneDrive\Desktop\TUF-sols\LLD\Main1.java. Using fallback presentation compiler.
2026.07.25 20:42:32 INFO  no build target found for C:\Users\Raghav\OneDrive\Desktop\TUF-sols\LLD\Main1.java. Using fallback presentation compiler.
2026.07.25 20:42:32 INFO  no build target found for C:\Users\Raghav\OneDrive\Desktop\TUF-sols\LLD\Main1.java. Using fallback presentation compiler.
2026.07.25 20:42:32 INFO  no build target found for C:\Users\Raghav\OneDrive\Desktop\TUF-sols\LLD\Main1.java. Using fallback presentation compiler.
2026.07.25 20:42:32 WARN  Running javac-semanticdb failed for file:///C:/Users/Raghav/OneDrive/Desktop/TUF-sols/LLD/Main1.java. Output:

2026.07.25 20:42:32 INFO  no build target found for C:\Users\Raghav\OneDrive\Desktop\TUF-sols\LLD\Main1.java. Using fallback presentation compiler.
2026.07.25 20:42:32 INFO  no build target found for C:\Users\Raghav\OneDrive\Desktop\TUF-sols\LLD\Main1.java. Using fallback presentation compiler.
2026.07.25 20:42:32 INFO  no build target found for C:\Users\Raghav\OneDrive\Desktop\TUF-sols\LLD\Main1.java. Using fallback presentation compiler.
2026.07.25 20:42:33 INFO  no build target found for C:\Users\Raghav\OneDrive\Desktop\TUF-sols\LLD\Main1.java. Using fallback presentation compiler.
2026.07.25 20:42:32 INFO  no build target found for C:\Users\Raghav\OneDrive\Desktop\TUF-sols\LLD\Main1.java. Using fallback presentation compiler.
2026.07.25 20:42:33 INFO  no build target found for C:\Users\Raghav\OneDrive\Desktop\TUF-sols\LLD\Main1.java. Using fallback presentation compiler.
2026.07.25 20:42:33 WARN  Running javac-semanticdb failed for file:///C:/Users/Raghav/OneDrive/Desktop/TUF-sols/LLD/Main1.java. Output:

2026.07.25 20:42:33 INFO  no build target found for C:\Users\Raghav\OneDrive\Desktop\TUF-sols\LLD\Main1.java. Using fallback presentation compiler.
2026.07.25 20:42:33 INFO  no build target found for C:\Users\Raghav\OneDrive\Desktop\TUF-sols\LLD\Main1.java. Using fallback presentation compiler.
2026.07.25 20:42:33 INFO  no build target found for C:\Users\Raghav\OneDrive\Desktop\TUF-sols\LLD\Main1.java. Using fallback presentation compiler.
2026.07.25 20:42:33 WARN  Running javac-semanticdb failed for file:///C:/Users/Raghav/OneDrive/Desktop/TUF-sols/LLD/Main1.java. Output:

2026.07.25 20:42:34 INFO  no build target found for C:\Users\Raghav\OneDrive\Desktop\TUF-sols\LLD\Main1.java. Using fallback presentation compiler.
2026.07.25 20:42:34 WARN  no build target for: C:\Users\Raghav\OneDrive\Desktop\TUF-sols\LLD\Main1.java
2026.07.25 20:42:34 INFO  no build target found for C:\Users\Raghav\OneDrive\Desktop\TUF-sols\LLD\Main1.java. Using fallback presentation compiler.
2026.07.25 20:42:35 INFO  no build target found for C:\Users\Raghav\OneDrive\Desktop\TUF-sols\LLD\Main1.java. Using fallback presentation compiler.
2026.07.25 20:42:35 INFO  no build target found for C:\Users\Raghav\OneDrive\Desktop\TUF-sols\LLD\Main1.java. Using fallback presentation compiler.
2026.07.25 20:42:35 WARN  Running javac-semanticdb failed for file:///C:/Users/Raghav/OneDrive/Desktop/TUF-sols/LLD/Main1.java. Output:

2026.07.25 20:42:35 INFO  no build target found for C:\Users\Raghav\OneDrive\Desktop\TUF-sols\LLD\Main1.java. Using fallback presentation compiler.
2026.07.25 20:42:35 INFO  no build target found for C:\Users\Raghav\OneDrive\Desktop\TUF-sols\LLD\Main1.java. Using fallback presentation compiler.
2026.07.25 20:42:35 INFO  no build target found for C:\Users\Raghav\OneDrive\Desktop\TUF-sols\LLD\Main1.java. Using fallback presentation compiler.
2026.07.25 20:42:35 INFO  no build target found for C:\Users\Raghav\OneDrive\Desktop\TUF-sols\LLD\Main1.java. Using fallback presentation compiler.
2026.07.25 20:42:35 INFO  no build target found for C:\Users\Raghav\OneDrive\Desktop\TUF-sols\LLD\Main1.java. Using fallback presentation compiler.
2026.07.25 20:42:36 WARN  Running javac-semanticdb failed for file:///C:/Users/Raghav/OneDrive/Desktop/TUF-sols/LLD/Main1.java. Output:

2026.07.25 20:42:36 INFO  no build target found for C:\Users\Raghav\OneDrive\Desktop\TUF-sols\LLD\Main1.java. Using fallback presentation compiler.
2026.07.25 20:42:36 INFO  no build target found for C:\Users\Raghav\OneDrive\Desktop\TUF-sols\LLD\Main1.java. Using fallback presentation compiler.
2026.07.25 20:42:36 INFO  no build target found for C:\Users\Raghav\OneDrive\Desktop\TUF-sols\LLD\Main1.java. Using fallback presentation compiler.
2026.07.25 20:42:36 INFO  no build target found for C:\Users\Raghav\OneDrive\Desktop\TUF-sols\LLD\Main1.java. Using fallback presentation compiler.
2026.07.25 20:42:37 INFO  no build target found for C:\Users\Raghav\OneDrive\Desktop\TUF-sols\LLD\Main1.java. Using fallback presentation compiler.
2026.07.25 20:42:36 INFO  no build target found for C:\Users\Raghav\OneDrive\Desktop\TUF-sols\LLD\Main1.java. Using fallback presentation compiler.
2026.07.25 20:42:36 INFO  no build target found for C:\Users\Raghav\OneDrive\Desktop\TUF-sols\LLD\Main1.java. Using fallback presentation compiler.
2026.07.25 20:42:37 INFO  no build target found for C:\Users\Raghav\OneDrive\Desktop\TUF-sols\LLD\Main1.java. Using fallback presentation compiler.
2026.07.25 20:42:36 INFO  no build target found for C:\Users\Raghav\OneDrive\Desktop\TUF-sols\LLD\Main1.java. Using fallback presentation compiler.
2026.07.25 20:42:37 INFO  no build target found for C:\Users\Raghav\OneDrive\Desktop\TUF-sols\LLD\Main1.java. Using fallback presentation compiler.
2026.07.25 20:42:37 WARN  Running javac-semanticdb failed for file:///C:/Users/Raghav/OneDrive/Desktop/TUF-sols/LLD/Main1.java. Output:

2026.07.25 20:42:37 INFO  no build target found for C:\Users\Raghav\OneDrive\Desktop\TUF-sols\LLD\Main1.java. Using fallback presentation compiler.
2026.07.25 20:42:37 INFO  no build target found for C:\Users\Raghav\OneDrive\Desktop\TUF-sols\LLD\Main1.java. Using fallback presentation compiler.
2026.07.25 20:42:37 WARN  no build target for: C:\Users\Raghav\OneDrive\Desktop\TUF-sols\LLD\Main1.java
2026.07.25 20:42:38 INFO  no build target found for C:\Users\Raghav\OneDrive\Desktop\TUF-sols\LLD\Main1.java. Using fallback presentation compiler.
2026.07.25 20:42:40 INFO  no build target found for C:\Users\Raghav\OneDrive\Desktop\TUF-sols\LLD\Main1.java. Using fallback presentation compiler.
2026.07.25 20:42:40 INFO  no build target found for C:\Users\Raghav\OneDrive\Desktop\TUF-sols\LLD\Main1.java. Using fallback presentation compiler.
2026.07.25 20:42:40 INFO  no build target found for C:\Users\Raghav\OneDrive\Desktop\TUF-sols\LLD\Main1.java. Using fallback presentation compiler.
2026.07.25 20:42:40 WARN  Running javac-semanticdb failed for file:///C:/Users/Raghav/OneDrive/Desktop/TUF-sols/LLD/Main1.java. Output:

2026.07.25 20:42:40 WARN  no build target for: C:\Users\Raghav\OneDrive\Desktop\TUF-sols\LLD\Main1.java
2026.07.25 20:42:41 INFO  no build target found for C:\Users\Raghav\OneDrive\Desktop\TUF-sols\LLD\Main1.java. Using fallback presentation compiler.
2026.07.25 20:42:42 INFO  no build target found for C:\Users\Raghav\OneDrive\Desktop\TUF-sols\LLD\Main1.java. Using fallback presentation compiler.
2026.07.25 20:42:42 INFO  no build target found for C:\Users\Raghav\OneDrive\Desktop\TUF-sols\LLD\Main1.java. Using fallback presentation compiler.
2026.07.25 20:42:42 INFO  no build target found for C:\Users\Raghav\OneDrive\Desktop\TUF-sols\LLD\Main1.java. Using fallback presentation compiler.
2026.07.25 20:42:42 INFO  no build target found for C:\Users\Raghav\OneDrive\Desktop\TUF-sols\LLD\Main1.java. Using fallback presentation compiler.
2026.07.25 20:42:42 INFO  no build target found for C:\Users\Raghav\OneDrive\Desktop\TUF-sols\LLD\Main1.java. Using fallback presentation compiler.
2026.07.25 20:42:42 INFO  no build target found for C:\Users\Raghav\OneDrive\Desktop\TUF-sols\LLD\Main1.java. Using fallback presentation compiler.
2026.07.25 20:42:42 INFO  no build target found for C:\Users\Raghav\OneDrive\Desktop\TUF-sols\LLD\Main1.java. Using fallback presentation compiler.
2026.07.25 20:42:42 INFO  no build target found for C:\Users\Raghav\OneDrive\Desktop\TUF-sols\LLD\Main1.java. Using fallback presentation compiler.
2026.07.25 20:42:42 INFO  no build target found for C:\Users\Raghav\OneDrive\Desktop\TUF-sols\LLD\Main1.java. Using fallback presentation compiler.
2026.07.25 20:42:43 INFO  no build target found for C:\Users\Raghav\OneDrive\Desktop\TUF-sols\LLD\Main1.java. Using fallback presentation compiler.
2026.07.25 20:42:43 INFO  no build target found for C:\Users\Raghav\OneDrive\Desktop\TUF-sols\LLD\Main1.java. Using fallback presentation compiler.
2026.07.25 20:42:43 INFO  no build target found for C:\Users\Raghav\OneDrive\Desktop\TUF-sols\LLD\Main1.java. Using fallback presentation compiler.
2026.07.25 20:42:43 INFO  no build target found for C:\Users\Raghav\OneDrive\Desktop\TUF-sols\LLD\Main1.java. Using fallback presentation compiler.
2026.07.25 20:42:43 INFO  no build target found for C:\Users\Raghav\OneDrive\Desktop\TUF-sols\LLD\Main1.java. Using fallback presentation compiler.
2026.07.25 20:42:43 INFO  no build target found for C:\Users\Raghav\OneDrive\Desktop\TUF-sols\LLD\Main1.java. Using fallback presentation compiler.
2026.07.25 20:42:43 INFO  no build target found for C:\Users\Raghav\OneDrive\Desktop\TUF-sols\LLD\Main1.java. Using fallback presentation compiler.
2026.07.25 20:42:44 INFO  no build target found for C:\Users\Raghav\OneDrive\Desktop\TUF-sols\LLD\Main1.java. Using fallback presentation compiler.
2026.07.25 20:42:44 INFO  no build target found for C:\Users\Raghav\OneDrive\Desktop\TUF-sols\LLD\Main1.java. Using fallback presentation compiler.
2026.07.25 20:42:44 INFO  no build target found for C:\Users\Raghav\OneDrive\Desktop\TUF-sols\LLD\Main1.java. Using fallback presentation compiler.
2026.07.25 20:42:44 INFO  no build target found for C:\Users\Raghav\OneDrive\Desktop\TUF-sols\LLD\Main1.java. Using fallback presentation compiler.
2026.07.25 20:42:44 INFO  no build target found for C:\Users\Raghav\OneDrive\Desktop\TUF-sols\LLD\Main1.java. Using fallback presentation compiler.
2026.07.25 20:42:44 INFO  no build target found for C:\Users\Raghav\OneDrive\Desktop\TUF-sols\LLD\Main1.java. Using fallback presentation compiler.
2026.07.25 20:42:45 INFO  no build target found for C:\Users\Raghav\OneDrive\Desktop\TUF-sols\LLD\Main1.java. Using fallback presentation compiler.
2026.07.25 20:42:45 WARN  no build target for: C:\Users\Raghav\OneDrive\Desktop\TUF-sols\LLD\Main1.java
2026.07.25 20:42:45 INFO  no build target found for C:\Users\Raghav\OneDrive\Desktop\TUF-sols\LLD\Main1.java. Using fallback presentation compiler.
2026.07.25 20:42:46 INFO  no build target found for C:\Users\Raghav\OneDrive\Desktop\TUF-sols\LLD\Main1.java. Using fallback presentation compiler.
2026.07.25 20:42:46 INFO  no build target found for C:\Users\Raghav\OneDrive\Desktop\TUF-sols\LLD\Main1.java. Using fallback presentation compiler.
2026.07.25 20:42:46 INFO  no build target found for C:\Users\Raghav\OneDrive\Desktop\TUF-sols\LLD\Main1.java. Using fallback presentation compiler.
2026.07.25 20:42:45 INFO  no build target found for C:\Users\Raghav\OneDrive\Desktop\TUF-sols\LLD\Main1.java. Using fallback presentation compiler.
2026.07.25 20:42:46 INFO  no build target found for C:\Users\Raghav\OneDrive\Desktop\TUF-sols\LLD\Main1.java. Using fallback presentation compiler.
2026.07.25 20:42:46 INFO  no build target found for C:\Users\Raghav\OneDrive\Desktop\TUF-sols\LLD\Main1.java. Using fallback presentation compiler.
2026.07.25 20:42:47 INFO  no build target found for C:\Users\Raghav\OneDrive\Desktop\TUF-sols\LLD\Main1.java. Using fallback presentation compiler.
2026.07.25 20:42:46 INFO  no build target found for C:\Users\Raghav\OneDrive\Desktop\TUF-sols\LLD\Main1.java. Using fallback presentation compiler.
2026.07.25 20:42:46 INFO  no build target found for C:\Users\Raghav\OneDrive\Desktop\TUF-sols\LLD\Main1.java. Using fallback presentation compiler.
2026.07.25 20:42:47 INFO  no build target found for C:\Users\Raghav\OneDrive\Desktop\TUF-sols\LLD\Main1.java. Using fallback presentation compiler.
2026.07.25 20:42:47 INFO  no build target found for C:\Users\Raghav\OneDrive\Desktop\TUF-sols\LLD\Main1.java. Using fallback presentation compiler.
2026.07.25 20:42:47 INFO  no build target found for C:\Users\Raghav\OneDrive\Desktop\TUF-sols\LLD\Main1.java. Using fallback presentation compiler.
2026.07.25 20:42:48 INFO  no build target found for C:\Users\Raghav\OneDrive\Desktop\TUF-sols\LLD\Main1.java. Using fallback presentation compiler.
2026.07.25 20:42:47 WARN  Running javac-semanticdb failed for file:///C:/Users/Raghav/OneDrive/Desktop/TUF-sols/LLD/Main1.java. Output:

2026.07.25 20:42:47 INFO  no build target found for C:\Users\Raghav\OneDrive\Desktop\TUF-sols\LLD\Main1.java. Using fallback presentation compiler.
2026.07.25 20:42:47 INFO  no build target found for C:\Users\Raghav\OneDrive\Desktop\TUF-sols\LLD\Main1.java. Using fallback presentation compiler.
2026.07.25 20:42:48 INFO  no build target found for C:\Users\Raghav\OneDrive\Desktop\TUF-sols\LLD\Main1.java. Using fallback presentation compiler.
2026.07.25 20:42:47 INFO  no build target found for C:\Users\Raghav\OneDrive\Desktop\TUF-sols\LLD\Main1.java. Using fallback presentation compiler.
2026.07.25 20:42:48 WARN  Running javac-semanticdb failed for file:///C:/Users/Raghav/OneDrive/Desktop/TUF-sols/LLD/Main1.java. Output:

2026.07.25 20:42:49 WARN  no build target for: C:\Users\Raghav\OneDrive\Desktop\TUF-sols\LLD\Main1.java
2026.07.25 20:42:49 INFO  no build target found for C:\Users\Raghav\OneDrive\Desktop\TUF-sols\LLD\Main1.java. Using fallback presentation compiler.
2026.07.25 20:42:50 INFO  no build target found for C:\Users\Raghav\OneDrive\Desktop\TUF-sols\LLD\Main1.java. Using fallback presentation compiler.
2026.07.25 20:42:50 INFO  no build target found for C:\Users\Raghav\OneDrive\Desktop\TUF-sols\LLD\Main1.java. Using fallback presentation compiler.
2026.07.25 20:42:50 INFO  no build target found for C:\Users\Raghav\OneDrive\Desktop\TUF-sols\LLD\Main1.java. Using fallback presentation compiler.
2026.07.25 20:42:50 INFO  no build target found for C:\Users\Raghav\OneDrive\Desktop\TUF-sols\LLD\Main1.java. Using fallback presentation compiler.
2026.07.25 20:42:50 INFO  no build target found for C:\Users\Raghav\OneDrive\Desktop\TUF-sols\LLD\Main1.java. Using fallback presentation compiler.
2026.07.25 20:42:50 WARN  Running javac-semanticdb failed for file:///C:/Users/Raghav/OneDrive/Desktop/TUF-sols/LLD/Main1.java. Output:

2026.07.25 20:42:50 INFO  no build target found for C:\Users\Raghav\OneDrive\Desktop\TUF-sols\LLD\Main1.java. Using fallback presentation compiler.
2026.07.25 20:42:50 INFO  no build target found for C:\Users\Raghav\OneDrive\Desktop\TUF-sols\LLD\Main1.java. Using fallback presentation compiler.
2026.07.25 20:42:51 WARN  Running javac-semanticdb failed for file:///C:/Users/Raghav/OneDrive/Desktop/TUF-sols/LLD/Main1.java. Output:

2026.07.25 20:42:51 INFO  no build target found for C:\Users\Raghav\OneDrive\Desktop\TUF-sols\LLD\Main1.java. Using fallback presentation compiler.
2026.07.25 20:42:51 INFO  no build target found for C:\Users\Raghav\OneDrive\Desktop\TUF-sols\LLD\Main1.java. Using fallback presentation compiler.
2026.07.25 20:42:51 INFO  no build target found for C:\Users\Raghav\OneDrive\Desktop\TUF-sols\LLD\Main1.java. Using fallback presentation compiler.
2026.07.25 20:42:51 WARN  Running javac-semanticdb failed for file:///C:/Users/Raghav/OneDrive/Desktop/TUF-sols/LLD/Main1.java. Output:

2026.07.25 20:42:51 INFO  no build target found for C:\Users\Raghav\OneDrive\Desktop\TUF-sols\LLD\Main1.java. Using fallback presentation compiler.
2026.07.25 20:42:51 WARN  no build target for: C:\Users\Raghav\OneDrive\Desktop\TUF-sols\LLD\Main1.java
2026.07.25 20:42:52 INFO  no build target found for C:\Users\Raghav\OneDrive\Desktop\TUF-sols\LLD\Main1.java. Using fallback presentation compiler.
2026.07.25 20:42:53 INFO  no build target found for C:\Users\Raghav\OneDrive\Desktop\TUF-sols\LLD\Main1.java. Using fallback presentation compiler.
2026.07.25 20:42:53 INFO  no build target found for C:\Users\Raghav\OneDrive\Desktop\TUF-sols\LLD\Main1.java. Using fallback presentation compiler.
2026.07.25 20:42:52 WARN  Running javac-semanticdb failed for file:///C:/Users/Raghav/OneDrive/Desktop/TUF-sols/LLD/Main1.java. Output:

2026.07.25 20:42:53 INFO  no build target found for C:\Users\Raghav\OneDrive\Desktop\TUF-sols\LLD\Main1.java. Using fallback presentation compiler.
2026.07.25 20:42:53 INFO  no build target found for C:\Users\Raghav\OneDrive\Desktop\TUF-sols\LLD\Main1.java. Using fallback presentation compiler.
2026.07.25 20:42:53 INFO  no build target found for C:\Users\Raghav\OneDrive\Desktop\TUF-sols\LLD\Main1.java. Using fallback presentation compiler.
2026.07.25 20:42:54 INFO  no build target found for C:\Users\Raghav\OneDrive\Desktop\TUF-sols\LLD\Main1.java. Using fallback presentation compiler.
2026.07.25 20:42:53 INFO  no build target found for C:\Users\Raghav\OneDrive\Desktop\TUF-sols\LLD\Main1.java. Using fallback presentation compiler.
2026.07.25 20:42:54 INFO  no build target found for C:\Users\Raghav\OneDrive\Desktop\TUF-sols\LLD\Main1.java. Using fallback presentation compiler.
2026.07.25 20:42:54 WARN  Running javac-semanticdb failed for file:///C:/Users/Raghav/OneDrive/Desktop/TUF-sols/LLD/Main1.java. Output:

2026.07.25 20:42:54 INFO  no build target found for C:\Users\Raghav\OneDrive\Desktop\TUF-sols\LLD\Main1.java. Using fallback presentation compiler.
2026.07.25 20:42:54 INFO  no build target found for C:\Users\Raghav\OneDrive\Desktop\TUF-sols\LLD\Main1.java. Using fallback presentation compiler.
2026.07.25 20:42:54 INFO  no build target found for C:\Users\Raghav\OneDrive\Desktop\TUF-sols\LLD\Main1.java. Using fallback presentation compiler.
2026.07.25 20:42:54 INFO  no build target found for C:\Users\Raghav\OneDrive\Desktop\TUF-sols\LLD\Main1.java. Using fallback presentation compiler.
2026.07.25 20:42:54 INFO  no build target found for C:\Users\Raghav\OneDrive\Desktop\TUF-sols\LLD\Main1.java. Using fallback presentation compiler.
2026.07.25 20:42:54 INFO  no build target found for C:\Users\Raghav\OneDrive\Desktop\TUF-sols\LLD\Main1.java. Using fallback presentation compiler.
2026.07.25 20:42:55 INFO  no build target found for C:\Users\Raghav\OneDrive\Desktop\TUF-sols\LLD\Main1.java. Using fallback presentation compiler.
2026.07.25 20:42:55 INFO  no build target found for C:\Users\Raghav\OneDrive\Desktop\TUF-sols\LLD\Main1.java. Using fallback presentation compiler.
2026.07.25 20:42:55 INFO  no build target found for C:\Users\Raghav\OneDrive\Desktop\TUF-sols\LLD\Main1.java. Using fallback presentation compiler.
2026.07.25 20:42:55 INFO  no build target found for C:\Users\Raghav\OneDrive\Desktop\TUF-sols\LLD\Main1.java. Using fallback presentation compiler.
2026.07.25 20:42:55 INFO  no build target found for C:\Users\Raghav\OneDrive\Desktop\TUF-sols\LLD\Main1.java. Using fallback presentation compiler.
2026.07.25 20:42:55 WARN  Running javac-semanticdb failed for file:///C:/Users/Raghav/OneDrive/Desktop/TUF-sols/LLD/Main1.java. Output:

2026.07.25 20:42:56 WARN  no build target for: C:\Users\Raghav\OneDrive\Desktop\TUF-sols\LLD\Main1.java
2026.07.25 20:42:55 INFO  no build target found for C:\Users\Raghav\OneDrive\Desktop\TUF-sols\LLD\Main1.java. Using fallback presentation compiler.
2026.07.25 20:42:57 INFO  no build target found for C:\Users\Raghav\OneDrive\Desktop\TUF-sols\LLD\Main1.java. Using fallback presentation compiler.
2026.07.25 20:42:57 INFO  no build target found for C:\Users\Raghav\OneDrive\Desktop\TUF-sols\LLD\Main1.java. Using fallback presentation compiler.
2026.07.25 20:42:58 INFO  no build target found for C:\Users\Raghav\OneDrive\Desktop\TUF-sols\LLD\Main1.java. Using fallback presentation compiler.
2026.07.25 20:42:58 WARN  Running javac-semanticdb failed for file:///C:/Users/Raghav/OneDrive/Desktop/TUF-sols/LLD/Main1.java. Output:

2026.07.25 20:42:58 INFO  no build target found for C:\Users\Raghav\OneDrive\Desktop\TUF-sols\LLD\Main1.java. Using fallback presentation compiler.
2026.07.25 20:42:59 WARN  no build target for: C:\Users\Raghav\OneDrive\Desktop\TUF-sols\LLD\Main1.java
2026.07.25 20:42:59 INFO  no build target found for C:\Users\Raghav\OneDrive\Desktop\TUF-sols\LLD\Main1.java. Using fallback presentation compiler.
2026.07.25 20:42:58 INFO  no build target found for C:\Users\Raghav\OneDrive\Desktop\TUF-sols\LLD\Main1.java. Using fallback presentation compiler.
2026.07.25 20:43:02 INFO  no build target found for C:\Users\Raghav\OneDrive\Desktop\TUF-sols\LLD\Main1.java. Using fallback presentation compiler.
2026.07.25 20:43:02 INFO  no build target found for C:\Users\Raghav\OneDrive\Desktop\TUF-sols\LLD\Main1.java. Using fallback presentation compiler.
2026.07.25 20:43:02 INFO  no build target found for C:\Users\Raghav\OneDrive\Desktop\TUF-sols\LLD\Main1.java. Using fallback presentation compiler.
2026.07.25 20:43:03 INFO  no build target found for C:\Users\Raghav\OneDrive\Desktop\TUF-sols\LLD\Main1.java. Using fallback presentation compiler.
2026.07.25 20:43:03 WARN  no build target for: C:\Users\Raghav\OneDrive\Desktop\TUF-sols\LLD\Main1.java
2026.07.25 20:43:04 INFO  no build target found for C:\Users\Raghav\OneDrive\Desktop\TUF-sols\LLD\Main1.java. Using fallback presentation compiler.
2026.07.25 20:43:04 INFO  no build target found for C:\Users\Raghav\OneDrive\Desktop\TUF-sols\LLD\Main1.java. Using fallback presentation compiler.
2026.07.25 20:43:04 INFO  no build target found for C:\Users\Raghav\OneDrive\Desktop\TUF-sols\LLD\Main1.java. Using fallback presentation compiler.
2026.07.25 20:43:04 INFO  no build target found for C:\Users\Raghav\OneDrive\Desktop\TUF-sols\LLD\Main1.java. Using fallback presentation compiler.
2026.07.25 20:43:04 INFO  no build target found for C:\Users\Raghav\OneDrive\Desktop\TUF-sols\LLD\Main1.java. Using fallback presentation compiler.
2026.07.25 20:43:04 INFO  no build target found for C:\Users\Raghav\OneDrive\Desktop\TUF-sols\LLD\Main1.java. Using fallback presentation compiler.
2026.07.25 20:43:04 INFO  no build target found for C:\Users\Raghav\OneDrive\Desktop\TUF-sols\LLD\Main1.java. Using fallback presentation compiler.
2026.07.25 20:43:05 INFO  no build target found for C:\Users\Raghav\OneDrive\Desktop\TUF-sols\LLD\Main1.java. Using fallback presentation compiler.
2026.07.25 20:43:05 INFO  no build target found for C:\Users\Raghav\OneDrive\Desktop\TUF-sols\LLD\Main1.java. Using fallback presentation compiler.
2026.07.25 20:43:05 INFO  no build target found for C:\Users\Raghav\OneDrive\Desktop\TUF-sols\LLD\Main1.java. Using fallback presentation compiler.
2026.07.25 20:43:05 INFO  no build target found for C:\Users\Raghav\OneDrive\Desktop\TUF-sols\LLD\Main1.java. Using fallback presentation compiler.
2026.07.25 20:43:05 INFO  no build target found for C:\Users\Raghav\OneDrive\Desktop\TUF-sols\LLD\Main1.java. Using fallback presentation compiler.
2026.07.25 20:43:05 INFO  no build target found for C:\Users\Raghav\OneDrive\Desktop\TUF-sols\LLD\Main1.java. Using fallback presentation compiler.
2026.07.25 20:43:05 INFO  no build target found for C:\Users\Raghav\OneDrive\Desktop\TUF-sols\LLD\Main1.java. Using fallback presentation compiler.
2026.07.25 20:43:05 INFO  no build target found for C:\Users\Raghav\OneDrive\Desktop\TUF-sols\LLD\Main1.java. Using fallback presentation compiler.
2026.07.25 20:43:05 INFO  no build target found for C:\Users\Raghav\OneDrive\Desktop\TUF-sols\LLD\Main1.java. Using fallback presentation compiler.
2026.07.25 20:43:06 INFO  no build target found for C:\Users\Raghav\OneDrive\Desktop\TUF-sols\LLD\Main1.java. Using fallback presentation compiler.
2026.07.25 20:43:06 INFO  no build target found for C:\Users\Raghav\OneDrive\Desktop\TUF-sols\LLD\Main1.java. Using fallback presentation compiler.
2026.07.25 20:43:06 INFO  no build target found for C:\Users\Raghav\OneDrive\Desktop\TUF-sols\LLD\Main1.java. Using fallback presentation compiler.
2026.07.25 20:43:06 INFO  no build target found for C:\Users\Raghav\OneDrive\Desktop\TUF-sols\LLD\Main1.java. Using fallback presentation compiler.
2026.07.25 20:43:06 INFO  no build target found for C:\Users\Raghav\OneDrive\Desktop\TUF-sols\LLD\Main1.java. Using fallback presentation compiler.
2026.07.25 20:43:06 INFO  no build target found for C:\Users\Raghav\OneDrive\Desktop\TUF-sols\LLD\Main1.java. Using fallback presentation compiler.
2026.07.25 20:43:06 INFO  no build target found for C:\Users\Raghav\OneDrive\Desktop\TUF-sols\LLD\Main1.java. Using fallback presentation compiler.
2026.07.25 20:43:06 INFO  no build target found for C:\Users\Raghav\OneDrive\Desktop\TUF-sols\LLD\Main1.java. Using fallback presentation compiler.
2026.07.25 20:43:07 INFO  no build target found for C:\Users\Raghav\OneDrive\Desktop\TUF-sols\LLD\Main1.java. Using fallback presentation compiler.
2026.07.25 20:43:07 INFO  no build target found for C:\Users\Raghav\OneDrive\Desktop\TUF-sols\LLD\Main1.java. Using fallback presentation compiler.
2026.07.25 20:43:07 INFO  no build target found for C:\Users\Raghav\OneDrive\Desktop\TUF-sols\LLD\Main1.java. Using fallback presentation compiler.
2026.07.25 20:43:07 INFO  no build target found for C:\Users\Raghav\OneDrive\Desktop\TUF-sols\LLD\Main1.java. Using fallback presentation compiler.
2026.07.25 20:43:07 INFO  no build target found for C:\Users\Raghav\OneDrive\Desktop\TUF-sols\LLD\Main1.java. Using fallback presentation compiler.
2026.07.25 20:43:07 INFO  no build target found for C:\Users\Raghav\OneDrive\Desktop\TUF-sols\LLD\Main1.java. Using fallback presentation compiler.
2026.07.25 20:43:07 INFO  no build target found for C:\Users\Raghav\OneDrive\Desktop\TUF-sols\LLD\Main1.java. Using fallback presentation compiler.
2026.07.25 20:43:07 INFO  no build target found for C:\Users\Raghav\OneDrive\Desktop\TUF-sols\LLD\Main1.java. Using fallback presentation compiler.
2026.07.25 20:43:07 INFO  no build target found for C:\Users\Raghav\OneDrive\Desktop\TUF-sols\LLD\Main1.java. Using fallback presentation compiler.
2026.07.25 20:43:07 INFO  no build target found for C:\Users\Raghav\OneDrive\Desktop\TUF-sols\LLD\Main1.java. Using fallback presentation compiler.
2026.07.25 20:43:07 INFO  no build target found for C:\Users\Raghav\OneDrive\Desktop\TUF-sols\LLD\Main1.java. Using fallback presentation compiler.
2026.07.25 20:43:08 INFO  no build target found for C:\Users\Raghav\OneDrive\Desktop\TUF-sols\LLD\Main1.java. Using fallback presentation compiler.
2026.07.25 20:43:08 INFO  no build target found for C:\Users\Raghav\OneDrive\Desktop\TUF-sols\LLD\Main1.java. Using fallback presentation compiler.
2026.07.25 20:43:09 WARN  no build target for: C:\Users\Raghav\OneDrive\Desktop\TUF-sols\LLD\Main1.java
2026.07.25 20:43:09 INFO  no build target found for C:\Users\Raghav\OneDrive\Desktop\TUF-sols\LLD\Main1.java. Using fallback presentation compiler.
2026.07.25 20:43:09 INFO  no build target found for C:\Users\Raghav\OneDrive\Desktop\TUF-sols\LLD\Main1.java. Using fallback presentation compiler.
2026.07.25 20:43:09 INFO  no build target found for C:\Users\Raghav\OneDrive\Desktop\TUF-sols\LLD\Main1.java. Using fallback presentation compiler.
2026.07.25 20:43:09 INFO  no build target found for C:\Users\Raghav\OneDrive\Desktop\TUF-sols\LLD\Main1.java. Using fallback presentation compiler.
2026.07.25 20:43:09 WARN  Running javac-semanticdb failed for file:///C:/Users/Raghav/OneDrive/Desktop/TUF-sols/LLD/Main1.java. Output:

2026.07.25 20:43:11 INFO  no build target found for C:\Users\Raghav\OneDrive\Desktop\TUF-sols\LLD\Main1.java. Using fallback presentation compiler.
2026.07.25 20:43:12 WARN  no build target for: C:\Users\Raghav\OneDrive\Desktop\TUF-sols\LLD\Main1.java
2026.07.25 20:43:17 INFO  no build target found for C:\Users\Raghav\OneDrive\Desktop\TUF-sols\LLD\Main1.java. Using fallback presentation compiler.
